// Jest Snapshot v1, https://jestjs.io/docs/snapshot-testing

exports[`SerienStream defaults to Season 1 Episode 1 if not provided 1`] = `[]`;

exports[`SerienStream handles The Boys (tt1190634) S01E01 correctly 1`] = `
[
  {
    "meta": {
      "countryCodes": [
        "de",
      ],
      "referer": "https://s.to/serie/the-boys/staffel-1/episode-1",
      "sourceLabel": "S.to",
      "title": "VOE (DE) - S1E1",
    },
    "url": "https://jilliandescribecompany.com/e/stoslx1",
  },
  {
    "meta": {
      "countryCodes": [
        "de",
      ],
      "referer": "https://s.to/serie/the-boys/staffel-1/episode-1",
      "sourceLabel": "S.to",
      "title": "Doodstream (DE) - S1E1",
    },
    "url": "https://dood.to/e/stoslx2",
  },
]
`;
