// Jest Snapshot v1, https://jestjs.io/docs/snapshot-testing

exports[`FileMoon extracts stream from API with playback data 1`] = `
[
  {
    "format": "hls",
    "label": "FileMoon (MFP)",
    "meta": {
      "bytes": 1329747575,
      "extractorId": "filemoon",
      "height": 720,
      "title": "Battle Royale 2000 Directors Cut MULTI VFI 1080p BluRay mHD Custom AC3 5 1-SEL",
    },
    "ttl": 900000,
    "url": "https://mediaflow.test.org/proxy/hls/manifest.m3u8?api_password=test&d=https%3A%2F%2Fedge1-waw-sprintcdn.r66nv9ed.com%2Fhls2%2F05%2F07596%2Fc5lhlypfasmm_h%2Fmaster.m3u8%3Ft%3D3la-rDXC7igwwHyuVrBhw4uM95a9LJCpC8b85ePBRx4%26s%3D1777358509%26e%3D10800%26f%3D37984100%26srv%3D1070%26asn%3D45102%26sp%3D4000%26p%3D0&h_referer=https%3A%2F%2Ffilemoon.sx%2Fapi%2Fvideos%2Fc5lhlypfasmm",
  },
]
`;

exports[`FileMoon handles decrypted playback with no sources gracefully 1`] = `[]`;

exports[`FileMoon handles non-HLS sources gracefully 1`] = `[]`;

exports[`FileMoon handles video not found gracefully 1`] = `[]`;

exports[`FileMoon handles video without playback data gracefully 1`] = `[]`;
