// Jest Snapshot v1, https://jestjs.io/docs/snapshot-testing

exports[`Voe charlestoughrace.com custom domain 1`] = `
[
  {
    "format": "hls",
    "label": "VOE (MFP)",
    "meta": {
      "bytes": 1116691496,
      "extractorId": "voe",
      "height": 720,
      "title": "Battle Royale [1080P] .mp4 bei VOE ansehen",
    },
    "ttl": 900000,
    "url": "https://ugc-cdn-caching-n3vhfrcgzcntzyhsiv.cloudwindow-route.com/engine/hls2-c/01/11288/bzbttzsmgnca_,n,.urlset/master.m3u8?t=lcTA-s6dFGlWW8dXb4CuPy0epH43XHD_8-xEggr1k4k&s=1782066206&e=14400&f=61206066&node=kXG0kZTYOtPX0u0dNLZSTndrbK9rOhUeMIVe8u2MF0Y=&i=0.1&sp=2500&asn=8821&q=n&rq=lGfOhbkjjQ7YvbglrK2VLoxTL7NmfTLse6TR4Alk",
  },
]
`;

exports[`Voe embed only urls which otherwise lead to 404 1`] = `
[
  {
    "format": "hls",
    "label": "VOE (MFP)",
    "meta": {
      "extractorId": "voe",
      "height": 800,
      "title": "Weapons.2025.German.DL.1080p.WEB.H264-ZeroTwo_encoded.mp4",
    },
    "ttl": 900000,
    "url": "https://mediaflow.test.org/proxy/hls/manifest.m3u8?api_password=test&h_user-agent=Mozilla%2F5.0+%28Windows+NT+10.0%3B+Win64%3B+x64%29+AppleWebKit%2F537.36+%28KHTML%2C+like+Gecko%29+Chrome%2F136.0.0.0+Safari%2F537.36&h_referer=https%3A%2F%2Fjilliandescribecompany.com%2Fqqfyi04w52mj&d=https%3A%2F%2Fcdn-thhhlmzuxvpehc9r.orbitcache.com%2Fengine%2Fhls2-c%2F01%2F11526%2Fqqfyi04w52mj_%2Cl%2C.urlset%2Fmaster.m3u8%3Ft%3Dg2zuS_OAHTtjrVe0bHp2xYcX7PpDxg8ebRIHTmF3H1c%26s%3D1759861731%26e%3D14400%26f%3D57634053%26node%3DUOx5276IumOH4BADikx4rlHC%2BibdAWZ%2Bmo07sx3WfaU%3D%26i%3D104.28%26sp%3D2500%26asn%3D13335%26q%3Dl%26rq%3DFxkyWdISXylA0UaLSPNcXWkDrksjs0pkAzy0GvIS",
  },
]
`;

exports[`Voe encoding error 1`] = `[]`;

exports[`Voe jilliandescribecompany 1`] = `
[
  {
    "format": "hls",
    "label": "VOE (MFP)",
    "meta": {
      "bytes": 1202590842,
      "extractorId": "voe",
      "height": 720,
      "title": "Superman.2025.2160p.WEB-DL.DV.HDR10Plus.X265.DDP5.1.Atmos-YIN.mp4 bei VOE ansehen",
    },
    "ttl": 900000,
    "url": "https://ugc-cdn-caching-n3onxj7ixldkjwtbh5.cloudwindow-route.com/engine/hls2-c/01/15242/ea21l02gcygw_,n,.urlset/master.m3u8?t=YV6gW0Rkc9rVm5wsC7z-_zLMp8Yb7iNWAoMD0C-7zoc&s=1782066200&e=14400&f=76213694&node=H9IVlXCRF0dh2ZbNGp5xuVXClHr1kI0JsVYuNMtkoIY=&i=158.181&sp=2500&asn=8821&q=n&rq=qqmbsMe6Bssj7Ow51Mk7BGyfozwY1u4uRX5pvez1",
  },
]
`;

exports[`Voe no file size in page 1`] = `
[
  {
    "format": "hls",
    "label": "VOE (MFP)",
    "meta": {
      "extractorId": "voe",
      "height": 720,
      "title": "No Size Movie",
    },
    "ttl": 900000,
    "url": "https://mediaflow.test.org/proxy/hls/manifest.m3u8?api_password=test&h_user-agent=Mozilla%2F5.0+%28Windows+NT+10.0%3B+Win64%3B+x64%29+AppleWebKit%2F537.36+%28KHTML%2C+like+Gecko%29+Chrome%2F136.0.0.0+Safari%2F537.36&h_referer=https%3A%2F%2Fjilliandescribecompany.com%2Fnosize123&d=https%3A%2F%2Fcdn-kuc3ehpz4wnczfyz.orbitcache.com%2Fengine%2Fhls2-c%2F01%2F15242%2Fnosize123_%2Cn%2C.urlset%2Fmaster.m3u8%3Ft%3Dabc123%26s%3D1759754183%26e%3D14400%26f%3D76213694%26node%3Dabc%26i%3D104.28%26sp%3D2500%26asn%3D13335%26q%3Dn%26rq%3Dabc",
  },
]
`;

exports[`Voe premium only without resolution 1`] = `
[
  {
    "format": "hls",
    "label": "VOE (MFP)",
    "meta": {
      "bytes": 363216240,
      "extractorId": "voe",
      "height": 800,
      "title": "268836--21ba9fb2-97f9-4566-b5eb-3d9cef7674cf--zrxn--2352322-voesx.mp4",
    },
    "ttl": 900000,
    "url": "https://mediaflow.test.org/proxy/hls/manifest.m3u8?api_password=test&h_user-agent=Mozilla%2F5.0+%28Windows+NT+10.0%3B+Win64%3B+x64%29+AppleWebKit%2F537.36+%28KHTML%2C+like+Gecko%29+Chrome%2F136.0.0.0+Safari%2F537.36&h_referer=https%3A%2F%2Fjilliandescribecompany.com%2Fqqfyi04w52mj&d=https%3A%2F%2Fcdn-thhhlmzuxvpehc9r.orbitcache.com%2Fengine%2Fhls2-c%2F01%2F11526%2Fqqfyi04w52mj_%2Cl%2C.urlset%2Fmaster.m3u8%3Ft%3Dg2zuS_OAHTtjrVe0bHp2xYcX7PpDxg8ebRIHTmF3H1c%26s%3D1759861731%26e%3D14400%26f%3D57634053%26node%3DUOx5276IumOH4BADikx4rlHC%2BibdAWZ%2Bmo07sx3WfaU%3D%26i%3D104.28%26sp%3D2500%26asn%3D13335%26q%3Dl%26rq%3DFxkyWdISXylA0UaLSPNcXWkDrksjs0pkAzy0GvIS",
  },
]
`;
